{smcl}
{com}{sf}{ul off}{txt}
{com}. 
. /***
> 3 - Qualifiers y by
> ===================
> 
> Como mostraba el archivo de ayuda, [summarize](http://www.stata.com/manuals13/rsummarize.pdf#rsummarize)
> permite usar qualifiers y operadores, que son una parte importante del lenguaje de Stata.
> Revisaremos el qualifier [in](https://www.stata.com/manuals13/u11.pdf#u11.1.4inrange), 
> el qualifier [if](https://www.stata.com/manuals13/u11.pdf#u11.1.3ifexp) y 
> el prefijo [by](https://www.stata.com/manuals13/u11.pdf#u11.5byvarlistconstruct)
> 
> 
> 3.1 - Qualifier in
> ------------------
> 
> [in](https://www.stata.com/manuals13/u11.pdf#u11.1.4inrange) permite que un 
> determinado comando se ejecute usando solo las observaciones especificadas en un 
> rango. Los rangos se identifican de la siguente manera:
> 
> | Exp | Descripcion                                                     |
> |-----|-----------------------------------------------------------------|
> | X   | La Xva observacion                                              |
> | X/Y | Rango entre la Xva observacion y la Yva observacion             |
> | X/l | Rango entre la Xva observacion y la ultima observacion (last)   |
> | f/X | Rango entre la primera observacion (first) y la Xva observacion |
> 
> Obtengamos la media de escolaridad para las primeras 100 observaciones.
> ***/
. 
. summarize esc in f/100

{txt}    Variable {c |}        Obs        Mean    Std. Dev.       Min        Max
{hline 13}{c +}{hline 57}
{space 9}esc {c |}{res}         78    11.98718    3.701504          0         21
{txt}
{com}. 
. /***
> 
> 3.2 - Qualifier if
> ------------------
> 
> [if](https://www.stata.com/manuals13/u11.pdf#u11.1.3ifexp) permite que el
> comando en cuestion se ejecute solo en las observaciones que cumplen con una
> expresion determinada, condicional a los valores de otra variable.
> 
> Las expresiones utilizan operadores:
> 
> | Operadores relacionales | Operadores matematicos | Operadores logicos |
> |-------------------------|------------------------|--------------------|
> | > Mayor que             | + Adicion              | & Y                |
> | < Menor que             | - Sustraccion          | | O                |
> | >= Mayor o igual que    | * Multiplicacion       | ! No               |
> | <= Menor o igual que    | / Division             |                    |
> | == Igual                | ^ Potencia             |                    |
> | != No igual             |                        |                    |
> 
> Obtengamos la media de escolaridad entre las mujeres mayores de 60 años.
> Primero veamos como se codifica mujer en la base de datos:
> ***/
. 
. codebook sexo

{txt}{hline}
{res}sexo{right:Sexo}
{txt}{hline}

{col 19}type:  numeric ({res}double{txt})
{ralign 22:label}:  {res:sexo}

{col 18}range:  [{res}1{txt},{res}2{txt}]{col 55}units:  {res}1
{col 10}{txt}unique values:  {res}2{col 51}{txt}missing .:  {res}0{txt}/{res}2,164

{txt}{col 13}tabulation:  Freq.   Numeric  Label
{col 21}{res}     1,038{col 33}       1{col 43}{txt}Hombre
{col 21}{res}     1,126{col 33}       2{col 43}{txt}Mujer

{com}. 
. /***
> Observamos que, en las etiquetas de valores, "hombre" esta codificado como "1"
> y "mujer" como "2". Calculamos la media de escolaridad para las mujeres que 
> tienen 60 años o mas en la muestra, usando qualifiers y operadores
> ***/
. 
. summarize esc if sexo==2 & edad>=60

{txt}    Variable {c |}        Obs        Mean    Std. Dev.       Min        Max
{hline 13}{c +}{hline 57}
{space 9}esc {c |}{res}        243    7.683128    4.826152          0         19
{txt}
{com}. 
. /***
> 
> 3.3 - Prefijo by
> ----------------
> 
> [by](https://www.stata.com/manuals13/u11.pdf#u11.5byvarlistconstruct) permite 
> ejecutar un comando de manera separada para grupos de observaciones identificados
> con un valor determinado en una variable. Es util para analizar subsets de datos.
> 
> Supongamos que queremos calcular la media de escolaridad por sexo. Para ello,
> ejecutaremos [summarize](http://www.stata.com/manuals13/rsummarize.pdf#rsummarize)
> de manera separada para quienes comparten el valor "1", los hombres, y quienes 
> comparten el valor "2", las mujeres.
> 
> Para poder computarlo, [by](https://www.stata.com/manuals13/u11.pdf#u11.5byvarlistconstruct)
> requiere que las observaciones esten ordenadas segun la variable que identifica
> los grupos. En este caso, que en la lista de observaciones aparezcan primero
> los hombres y luego las mujeres. 
> 
> Usamos el comando [sort](http://www.stata.com/manuals13/dsort.pdf#dsort) previamente,
> y luego [summarize](http://www.stata.com/manuals13/rsummarize.pdf#rsummarize)
> ***/
. 
. sort sexo
{txt}
{com}. by sexo: summarize esc

{txt}{hline}
-> sexo = Hombre

    Variable {c |}        Obs        Mean    Std. Dev.       Min        Max
{hline 13}{c +}{hline 57}
{space 9}esc {c |}{res}        821    11.01218    4.077882          0         22

{txt}{hline}
-> sexo = Mujer

    Variable {c |}        Obs        Mean    Std. Dev.       Min        Max
{hline 13}{c +}{hline 57}
{space 9}esc {c |}{res}        928    10.85022    4.408996          0         21

{txt}
{com}. 
. 
. /***
> La media de escolaridad para los hombres es 11 años y para las mujeres, 10,9 años.
> 
> Podemos evitar el paso previo de ordenar las variables usando 
> [bysort](https://www.stata.com/manuals13/dby.pdf). Reordenemos las observaciones por folio
> ***/
. 
. sort folio
{txt}
{com}. list sexo in 1/10
{txt}
     {c TLC}{hline 8}{c TRC}
     {c |} {res}  sexo {txt}{c |}
     {c LT}{hline 8}{c RT}
  1. {c |} {res} Mujer {txt}{c |}
  2. {c |} {res}Hombre {txt}{c |}
  3. {c |} {res} Mujer {txt}{c |}
  4. {c |} {res}Hombre {txt}{c |}
  5. {c |} {res}Hombre {txt}{c |}
     {c LT}{hline 8}{c RT}
  6. {c |} {res}Hombre {txt}{c |}
  7. {c |} {res} Mujer {txt}{c |}
  8. {c |} {res}Hombre {txt}{c |}
  9. {c |} {res}Hombre {txt}{c |}
 10. {c |} {res}Hombre {txt}{c |}
     {c BLC}{hline 8}{c BRC}

{com}. 
. /***
> Podemos ver que las observaciones ya no estan ordenadas por sexo. Si intentamos
> ejecutar el comando que acabamos de usar para calcular las medias, el output
> nos mostrara un error
> ***/
. 
. by sexo: summarize esc
{err}not sorted
{txt}{search r(5):r(5);}

end of do-file

{search r(5):r(5);}

{com}. do "C:\Users\pjcar\AppData\Local\Temp\STD01000000.tmp"
{txt}
{com}. 
. /***
> Si hacemos click en el link r(5), se abrira la ventana de visor detallando una busqueda
> que entrega informacion respecto al error que cometimos.
> 
> Usemos [bysort](https://www.stata.com/manuals13/dby.pdf)
> ***/
. 
. bysort sexo: summarize esc

{txt}{hline}
-> sexo = Hombre

    Variable {c |}        Obs        Mean    Std. Dev.       Min        Max
{hline 13}{c +}{hline 57}
{space 9}esc {c |}{res}        821    11.01218    4.077882          0         22

{txt}{hline}
-> sexo = Mujer

    Variable {c |}        Obs        Mean    Std. Dev.       Min        Max
{hline 13}{c +}{hline 57}
{space 9}esc {c |}{res}        928    10.85022    4.408996          0         21

{txt}
{com}. 
. /***
> Los resultados que aparecen en el output son exactamente iguales a los
> obtenidos al ordenar previamente las observaciones.
> 
> El prefijo [by](https://www.stata.com/manuals13/u11.pdf#u11.5byvarlistconstruct)
> no puede ser utilizado en forma conjunta con el qualifier
> [in](https://www.stata.com/manuals13/u11.pdf#u11.1.4inrange), pero si acepta el 
> uso del qualifier [if](https://www.stata.com/manuals13/u11.pdf#u11.1.3ifexp).
> 
> Obtengamos la media de escolaridad por zona de residencia (urbana o rural) para 
> las observaciones que tienen 45 años o mas y son mujeres.
> ***/
. 
. bysort zona: summarize esc if edad>=45 & sexo==2

{txt}{hline}
-> zona = Urbano

    Variable {c |}        Obs        Mean    Std. Dev.       Min        Max
{hline 13}{c +}{hline 57}
{space 9}esc {c |}{res}        389    9.532134    4.643155          0         21

{txt}{hline}
-> zona = Rural

    Variable {c |}        Obs        Mean    Std. Dev.       Min        Max
{hline 13}{c +}{hline 57}
{space 9}esc {c |}{res}         85    6.976471    4.011817          0         17

{txt}
{com}. 
. /***
> En esta muestra, las mujeres de 45 años o mas que viven en una zona urbana tienen en
> promedio 9. años de escolaridad, mientras que las mujeres de 45 años o mas que 
> viven en una zona rural tienen en promedio 6.8 años de escolaridad.
> ***/
. 
. quietly log close A1_3_qualifiers
{smcl}
{com}{sf}{ul off}